✔ 로그 수집은 각 스트림의 한글·다중 바이트 모든 분할 경계를 보존한다 (1.9417ms)
✔ 로그 수집은 양 스트림의 모든 분할 경계가 교차해도 디코더를 섞지 않는다 (1.9977ms)
✔ 로그 수집은 exit 이후 출력과 양 스트림의 end를 close까지 기다린다 (0.1321ms)
✔ 로그 수집은 종료 시 잔여 바이트를 한 번만 flush하고 빈 출력·signal을 보존한다 (0.4274ms)
✔ 로그 수집은 실제 자식 프로세스의 종료 직전 양 pipe 출력을 모두 수집한다 (378.1414ms)
✔ 로그 수집은 spawn 오류를 성공 종료로 보고하지 않는다 (0.3953ms)
✔ 검증 runner import는 검사 실행이나 로그 저장 부작용이 없다 (5.2044ms)
▶ 실제 초기 응답과 그룹 전달 경로의 상세 guide는 Git 기준선 원문과 일치한다
  ✔ 네 필드의 actual·baseline 누락과 양쪽 동시 누락을 모두 거부한다 (93.8902ms)
  ✔ 네 필드의 문구 변경은 전체 equality로 검출한다 (17.8523ms)
  ✔ 시나리오 누락·이름·순서 변경 및 read-me-first 필드 추가를 거부한다 (15.2355ms)
✔ 실제 초기 응답과 그룹 전달 경로의 상세 guide는 Git 기준선 원문과 일치한다 (3564.6796ms)
ℹ tests 11
ℹ suites 0
ℹ pass 11
ℹ fail 0
ℹ cancelled 0
ℹ skipped 0
ℹ todo 0
ℹ duration_ms 4323.2497
